design_1_xdma_0_1: xdma_v4_1_4_udma_top__GCB0, xdma_v4_1_4_vul_rdwr__GB2, xdma_v4_1_4_vul_rdwr_eng__parameterized5, xdma_v4_1_4_udma_top__GCB1, xdma_v4_1_4_dma_pcie_req__GB3, xdma_v4_1_4_dma_pcie_rc, xdma_v4_1_4_vul_rdwr__GB0, xdma_v4_1_4_vul_rdwr_eng__parameterized1, xdma_v4_1_4_udma_wrapper__GC0, xdma_v4_1_4_udma_top__GCB2, xdma_v4_1_4_dma_pcie_req__GB4, xdma_v4_1_4_axidma_dcarb_v__parameterized2, xdma_v4_1_4_vul_top__GC0, xdma_v4_1_4_vul_rdwr__parameterized0__GB0, xdma_v4_1_4_vul_rdwr__parameterized0__GB2, design_1_xdma_0_1_core_top__GC0, xdma_v4_1_4_dma_pcie_req__GB2, 
design_1_xdma_0_1_core_top: xdma_v4_1_4_udma_top__GCB0, xdma_v4_1_4_vul_rdwr__GB2, xdma_v4_1_4_vul_rdwr_eng__parameterized5, xdma_v4_1_4_udma_top__GCB1, xdma_v4_1_4_dma_pcie_req__GB3, xdma_v4_1_4_dma_pcie_rc, xdma_v4_1_4_vul_rdwr__GB0, xdma_v4_1_4_vul_rdwr_eng__parameterized1, xdma_v4_1_4_udma_wrapper__GC0, xdma_v4_1_4_udma_top__GCB2, xdma_v4_1_4_dma_pcie_req__GB4, xdma_v4_1_4_axidma_dcarb_v__parameterized2, xdma_v4_1_4_vul_top__GC0, xdma_v4_1_4_vul_rdwr__parameterized0__GB0, xdma_v4_1_4_vul_rdwr__parameterized0__GB2, design_1_xdma_0_1_core_top__GC0, xdma_v4_1_4_dma_pcie_req__GB2, 
xdma_v4_1_4_udma_wrapper: xdma_v4_1_4_vul_rdwr__GB0, xdma_v4_1_4_vul_rdwr__GB2, xdma_v4_1_4_axidma_dcarb_v__parameterized2, xdma_v4_1_4_dma_pcie_req__GB4, xdma_v4_1_4_vul_rdwr_eng__parameterized1, xdma_v4_1_4_udma_top__GCB2, xdma_v4_1_4_udma_top__GCB0, xdma_v4_1_4_dma_pcie_rc, xdma_v4_1_4_dma_pcie_req__GB3, xdma_v4_1_4_vul_rdwr__parameterized0__GB0, xdma_v4_1_4_vul_top__GC0, xdma_v4_1_4_dma_pcie_req__GB2, xdma_v4_1_4_udma_top__GCB1, xdma_v4_1_4_vul_rdwr__parameterized0__GB2, xdma_v4_1_4_udma_wrapper__GC0, xdma_v4_1_4_vul_rdwr_eng__parameterized5, 
xdma_v4_1_4_udma_top: xdma_v4_1_4_vul_rdwr__GB0, xdma_v4_1_4_vul_rdwr__GB2, xdma_v4_1_4_axidma_dcarb_v__parameterized2, xdma_v4_1_4_dma_pcie_req__GB4, xdma_v4_1_4_vul_rdwr_eng__parameterized1, xdma_v4_1_4_udma_top__GCB2, xdma_v4_1_4_udma_top__GCB0, xdma_v4_1_4_dma_pcie_rc, xdma_v4_1_4_dma_pcie_req__GB3, xdma_v4_1_4_vul_rdwr__parameterized0__GB0, xdma_v4_1_4_vul_top__GC0, xdma_v4_1_4_dma_pcie_req__GB2, xdma_v4_1_4_udma_top__GCB1, xdma_v4_1_4_vul_rdwr__parameterized0__GB2, xdma_v4_1_4_vul_rdwr_eng__parameterized5, 
xdma_v4_1_4_dma_pcie_req: xdma_v4_1_4_dma_pcie_req__GB4, xdma_v4_1_4_dma_pcie_req__GB3, xdma_v4_1_4_dma_pcie_req__GB2, xdma_v4_1_4_dma_pcie_rc, xdma_v4_1_4_axidma_dcarb_v__parameterized2, 
xdma_v4_1_4_vul_top: xdma_v4_1_4_vul_top__GC0, xdma_v4_1_4_vul_rdwr__parameterized0__GB2, xdma_v4_1_4_vul_rdwr__parameterized0__GB0, xdma_v4_1_4_vul_rdwr_eng__parameterized5, xdma_v4_1_4_vul_rdwr__GB2, xdma_v4_1_4_vul_rdwr__GB0, xdma_v4_1_4_vul_rdwr_eng__parameterized1, 
xdma_v4_1_4_vul_rdwr__parameterized0: xdma_v4_1_4_vul_rdwr__parameterized0__GB2, xdma_v4_1_4_vul_rdwr__parameterized0__GB0, xdma_v4_1_4_vul_rdwr_eng__parameterized5, 
xdma_v4_1_4_vul_rdwr: xdma_v4_1_4_vul_rdwr__GB2, xdma_v4_1_4_vul_rdwr__GB0, xdma_v4_1_4_vul_rdwr_eng__parameterized1, 
