/inst/u_ddr4_mem_intfc/u_ddr_cal_top/ddr4_v2_2_8_cal_top__GC0:3854780631
/inst/u_ddr4_mem_intfc/u_ddr_cal_top/u_ddr_cal/u_ddr_cal_addr_decode/ddr4_v2_2_8_cal_addr_decode__GB1:1460678817
/inst/u_ddr4_mem_intfc/u_mig_ddr4_phy/inst/design_1_ddr4_0_0_phy_ddr4__GC0:2065874069
/inst/u_ddr4_mem_intfc/u_ddr_mc/ddr4_v2_2_8_mc__GB0:1036085659
/inst/u_ddr4_mem_intfc/u_ddr_cal_top/u_ddr_mc_pi/ddr4_v2_2_8_cal_pi__GB0:3730174731
/inst/design_1_ddr4_0_0_ddr4__GC0:1038736839
/inst/u_ddr4_mem_intfc/u_ddr_mc/ddr4_v2_2_8_mc__GB1:1254512909
/inst/u_ddr4_mem_intfc/u_ddr_cal_top/u_ddr_mc_pi/ddr4_v2_2_8_cal_pi__GB2:811307559
/inst/u_ddr4_mem_intfc/design_1_ddr4_0_0_ddr4_mem_intfc__GC0:872819627
/inst/u_ddr4_mem_intfc/u_ddr_cal_top/u_ddr_mc_pi/ddr4_v2_2_8_cal_pi__GB1:2840773533
/inst/u_ddr4_mem_intfc/u_ddr_cal_top/u_ddr_cal/u_ddr_cal_addr_decode/ddr4_v2_2_8_cal_addr_decode__GB0:538378295
/inst/u_ddr4_mem_intfc/u_ddr_cal_top/u_ddr_cal/ddr4_v2_2_8_cal__GC0:78951730
/inst/u_ddr4_mem_intfc/u_mig_ddr4_phy/inst/u_ddr4_phy_pll/ddr4_phy_v2_2_0_pll__GC0:3572815181
/inst/u_ddr4_mem_intfc/u_ddr_cal_top/u_ddr_mc_pi/ddr4_v2_2_8_cal_pi__GB3:1197253297
/inst/u_ddr4_mem_intfc/u_ddr_cal_top/u_ddr_mc_pi/ddr4_v2_2_8_cal_pi__GB4:3644339986
