ddr4_phy_v2_2_0_iob_byte__parameterized0: 
ddr4_phy_v2_2_0_iob_byte__parameterized2: 
design_1_ddr4_0_0_phy_ddr4: design_1_ddr4_0_0_phy_ddr4__GC0, ddr4_phy_v2_2_0_pll__GC0, 
ddr4_v2_2_8_cal_pi: ddr4_v2_2_8_cal_pi__GB4, ddr4_v2_2_8_cal_pi__GB3, ddr4_v2_2_8_cal_pi__GB2, ddr4_v2_2_8_cal_pi__GB1, ddr4_v2_2_8_cal_pi__GB0, 
ddr4_phy_v2_2_0_iob_byte: 
ddr4_phy_v2_2_0_iob_byte__parameterized1: 
design_1_ddr4_0_0: design_1_ddr4_0_0_ddr4__GC0, ddr4_v2_2_8_cal_pi__GB4, ddr4_v2_2_8_cal_pi__GB3, ddr4_v2_2_8_cal_pi__GB1, ddr4_v2_2_8_cal_top__GC0, ddr4_v2_2_8_mc__GB1, ddr4_v2_2_8_cal_pi__GB2, ddr4_v2_2_8_cal__GC0, design_1_ddr4_0_0_phy_ddr4__GC0, ddr4_v2_2_8_mc__GB0, ddr4_v2_2_8_cal_pi__GB0, ddr4_phy_v2_2_0_pll__GC0, ddr4_v2_2_8_cal_addr_decode__GB0, design_1_ddr4_0_0_ddr4_mem_intfc__GC0, ddr4_v2_2_8_cal_addr_decode__GB1, 
ddr4_v2_2_8_cal_top: ddr4_v2_2_8_cal_top__GC0, ddr4_v2_2_8_cal_pi__GB4, ddr4_v2_2_8_cal_pi__GB3, ddr4_v2_2_8_cal_pi__GB2, ddr4_v2_2_8_cal_pi__GB1, ddr4_v2_2_8_cal_pi__GB0, ddr4_v2_2_8_cal__GC0, ddr4_v2_2_8_cal_addr_decode__GB1, ddr4_v2_2_8_cal_addr_decode__GB0, 
design_1_ddr4_0_0_ddr4_mem_intfc: ddr4_v2_2_8_cal_pi__GB4, ddr4_v2_2_8_cal_pi__GB3, ddr4_v2_2_8_cal_pi__GB1, ddr4_v2_2_8_cal_top__GC0, ddr4_v2_2_8_mc__GB1, ddr4_v2_2_8_cal_pi__GB2, ddr4_v2_2_8_cal__GC0, design_1_ddr4_0_0_phy_ddr4__GC0, ddr4_v2_2_8_mc__GB0, ddr4_v2_2_8_cal_pi__GB0, ddr4_phy_v2_2_0_pll__GC0, ddr4_v2_2_8_cal_addr_decode__GB0, design_1_ddr4_0_0_ddr4_mem_intfc__GC0, ddr4_v2_2_8_cal_addr_decode__GB1, 
ddr4_phy_v2_2_0_pll: ddr4_phy_v2_2_0_pll__GC0, 
ddr4_v2_2_8_mc: ddr4_v2_2_8_mc__GB1, ddr4_v2_2_8_mc__GB0, 
design_1_ddr4_0_0_phy: design_1_ddr4_0_0_phy_ddr4__GC0, ddr4_phy_v2_2_0_pll__GC0, 
design_1_ddr4_0_0_ddr4: design_1_ddr4_0_0_ddr4__GC0, ddr4_v2_2_8_cal_pi__GB4, ddr4_v2_2_8_cal_pi__GB3, ddr4_v2_2_8_cal_pi__GB1, ddr4_v2_2_8_cal_top__GC0, ddr4_v2_2_8_mc__GB1, ddr4_v2_2_8_cal_pi__GB2, ddr4_v2_2_8_cal__GC0, design_1_ddr4_0_0_phy_ddr4__GC0, ddr4_v2_2_8_mc__GB0, ddr4_v2_2_8_cal_pi__GB0, ddr4_phy_v2_2_0_pll__GC0, ddr4_v2_2_8_cal_addr_decode__GB0, design_1_ddr4_0_0_ddr4_mem_intfc__GC0, ddr4_v2_2_8_cal_addr_decode__GB1, 
ddr4_v2_2_8_cal: ddr4_v2_2_8_cal__GC0, ddr4_v2_2_8_cal_addr_decode__GB1, ddr4_v2_2_8_cal_addr_decode__GB0, 
ddr4_phy_v2_2_0_iob: 
ddr4_v2_2_8_cal_addr_decode: ddr4_v2_2_8_cal_addr_decode__GB1, ddr4_v2_2_8_cal_addr_decode__GB0, 
